// Jest Snapshot v1, https://goo.gl/fbAQLP

exports[`PropertyView should render PropertyView 1`] = `
<View
  style={
    Object {
      "marginTop": 65,
    }
  }
>
  <Image
    source={
      Object {
        "uri": "http://someimage.com/image.jpg",
      }
    }
    style={
      Object {
        "height": 300,
        "width": 400,
      }
    }
  />
  <View
    style={
      Object {
        "backgroundColor": "#F8F8F8",
      }
    }
  >
    <Text
      accessible={true}
      allowFontScaling={true}
      ellipsizeMode="tail"
      style={
        Object {
          "color": "#48BBEC",
          "fontSize": 25,
          "fontWeight": "bold",
          "margin": 5,
        }
      }
    >
      $123
    </Text>
    <Text
      accessible={true}
      allowFontScaling={true}
      ellipsizeMode="tail"
      style={
        Object {
          "color": "#656565",
          "fontSize": 20,
          "margin": 5,
        }
      }
    >
      title
    </Text>
    <View
      style={
        Object {
          "backgroundColor": "#DDDDDD",
          "height": 1,
        }
      }
    />
  </View>
  <Text
    accessible={true}
    allowFontScaling={true}
    ellipsizeMode="tail"
    style={
      Object {
        "color": "#656565",
        "fontSize": 18,
        "margin": 5,
      }
    }
  >
    1 bed house, 1 bathroom
  </Text>
  <Text
    accessible={true}
    allowFontScaling={true}
    ellipsizeMode="tail"
    style={
      Object {
        "color": "#656565",
        "fontSize": 18,
        "margin": 5,
      }
    }
  >
    summary
  </Text>
</View>
`;
